// Jest Snapshot v1, https://goo.gl/fbAQLP

exports[`expenses Dasboard  1`] = `
<div>
  Dasboard page
  <Connect(ExpensesSummary) />
  <Connect(ExpensesListFilters) />
  <Connect(ExpenseList) />
</div>
`;
