// Jest Snapshot v1, https://goo.gl/fbAQLP

exports[`Expenses List 1`] = `
<div>
  <h1>
    Expense List
  </h1>
  <ExpenseListItems
    amount={1000}
    createdAt={0}
    description="rent"
    id="1"
    key="1"
    note="rent amount"
  />
  <ExpenseListItems
    amount={10000}
    createdAt={345600000}
    description="rents"
    id="12"
    key="12"
    note="rents amounts"
  />
  <ExpenseListItems
    amount={100000}
    createdAt={-345600000}
    description="bill"
    id="123"
    key="123"
    note="bill amounts"
  />
</div>
`;
