// Jest Snapshot v1, https://goo.gl/fbAQLP

exports[`Not found Error Page 1`] = `
<div>
  404 - 
  <Link
    replace={false}
    to="/"
  >
     Home
  </Link>
</div>
`;
